ine 7)) (1.9.0)
Requirement already satisfied: joblib>=0.14 in .\.venv\Lib\site-packages (from librosa==0.10.2.post1->-r requirements.txt (line 7)) (1.5.3)
Requirement already satisfied: decorator>=4.3.0 in .\.venv\Lib\site-packages (from librosa==0.10.2.post1->-r requirements.txt (line 7)) (5.3.1)
Requirement already satisfied: numba>=0.51.0 in .\.venv\Lib\site-packages (from librosa==0.10.2.post1->-r requirements.txt (line 7)) (0.67.0)
Requirement already satisfied: pooch>=1.1 in .\.venv\Lib\site-packages (from librosa==0.10.2.post1->-r requirements.txt (line 7)) (1.9.0)
Requirement already satisfied: soxr>=0.3.2 in .\.venv\Lib\site-packages (from librosa==0.10.2.post1->-r requirements.txt (line 7)) (1.1.0)
Requirement already satisfied: lazy-loader>=0.1 in .\.venv\Lib\site-packages (from librosa==0.10.2.post1->-r requirements.txt (line 7)) (0.5)
Requirement already satisfied: msgpack>=1.0 in .\.venv\Lib\site-packages (from librosa==0.10.2.post1->-r requirements.txt (line 7)) (1.2.1)
Requirement already satisfied: dora-search in .\.venv\Lib\site-packages (from demucs==4.0.1->-r requirements.txt (line 11)) (0.1.12)
Requirement already satisfied: einops in .\.venv\Lib\site-packages (from demucs==4.0.1->-r requirements.txt (line 11)) (0.8.2)
Requirement already satisfied: julius>=0.2.3 in .\.venv\Lib\site-packages (from demucs==4.0.1->-r requirements.txt (line 11)) (0.2.8)
Requirement already satisfied: lameenc>=1.2 in .\.venv\Lib\site-packages (from demucs==4.0.1->-r requirements.txt (line 11)) (1.8.4)
Requirement already satisfied: openunmix in .\.venv\Lib\site-packages (from demucs==4.0.1->-r requirements.txt (line 11)) (1.3.0)
Requirement already satisfied: pyyaml in .\.venv\Lib\site-packages (from demucs==4.0.1->-r requirements.txt (line 11)) (6.0.3)
Requirement already satisfied: torch>=1.8.1 in .\.venv\Lib\site-packages (from demucs==4.0.1->-r requirements.txt (line 11)) (2.13.0)
Requirement already satisfied: torchaudio>=0.8 in .\.venv\Lib\site-packages (from demucs==4.0.1->-r requirements.txt (line 11)) (2.11.0)
Requirement already satisfied: tqdm in .\.venv\Lib\site-packages (from demucs==4.0.1->-r requirements.txt (line 11)) (4.70.0)
Requirement already satisfied: colorama>=0.4 in .\.venv\Lib\site-packages (from uvicorn[standard]==0.32.0->-r requirements.txt (line 2)) (0.4.6)
Requirement already satisfied: httptools>=0.5.0 in .\.venv\Lib\site-packages (from uvicorn[standard]==0.32.0->-r requirements.txt (line 2)) (0.8.0)
Requirement already satisfied: python-dotenv>=0.13 in .\.venv\Lib\site-packages (from uvicorn[standard]==0.32.0->-r requirements.txt (line 2)) (1.2.3)
Requirement already satisfied: watchfiles>=0.13 in .\.venv\Lib\site-packages (from uvicorn[standard]==0.32.0->-r requirements.txt (line 2)) (1.2.0)
Requirement already satisfied: websockets>=10.4 in .\.venv\Lib\site-packages (from uvicorn[standard]==0.32.0->-r requirements.txt (line 2)) (17.0.1)
Requirement already satisfied: anyio<5,>=3.4.0 in .\.venv\Lib\site-packages (from starlette<0.39.0,>=0.37.2->fastapi==0.115.0->-r requirements.txt (line 1)) (4.14.2)
Requirement already satisfied: idna>=2.8 in .\.venv\Lib\site-packages (from anyio<5,>=3.4.0->starlette<0.39.0,>=0.37.2->fastapi==0.115.0->-r requirements.txt (line 1)) (3.19)
Requirement already satisfied: pycparser in .\.venv\Lib\site-packages (from cffi>=1.0->soundfile==0.12.1->-r requirements.txt (line 6)) (3.0)
Requirement already satisfied: packaging in .\.venv\Lib\site-packages (from lazy-loader>=0.1->librosa==0.10.2.post1->-r requirements.txt (line 7)) (26.3)
Requirement already satisfied: llvmlite<0.50,>=0.49.0dev0 in .\.venv\Lib\site-packages (from numba>=0.51.0->librosa==0.10.2.post1->-r requirements.txt (line 7)) (0.49.0)
Requirement already satisfied: platformdirs>=2.5.0 in .\.venv\Lib\site-packages (from pooch>=1.1->librosa==0.10.2.post1->-r requirements.txt (line 7)) (4.11.3)
Requirement already satisfied: requests>=2.19.0 in .\.venv\Lib\site-packages (from pooch>=1.1->librosa==0.10.2.post1->-r requirements.txt (line 7)) (2.34.2)
Requirement already satisfied: charset_normalizer<4,>=2 in .\.venv\Lib\site-packages (from requests>=2.19.0->pooch>=1.1->librosa==0.10.2.post1->-r requirements.txt (line 7)) (3.5.1)
Requirement already satisfied: urllib3<3,>=1.26 in .\.venv\Lib\site-packages (from requests>=2.19.0->pooch>=1.1->librosa==0.10.2.post1->-r requirements.txt (line 7)) (2.7.0)
Requirement already satisfied: certifi>=2023.5.7 in .\.venv\Lib\site-packages (from requests>=2.19.0->pooch>=1.1->librosa==0.10.2.post1->-r requirements.txt (line 7)) (2026.7.22)
Requirement already satisfied: narwhals>=2.0.1 in .\.venv\Lib\site-packages (from scikit-learn>=0.20.0->librosa==0.10.2.post1->-r requirements.txt (line 7)) (2.25.0)
Requirement already satisfied: threadpoolctl>=3.5.0 in .\.venv\Lib\site-packages (from scikit-learn>=0.20.0->librosa==0.10.2.post1->-r requirements.txt (line 7)) (3.6.0)
Requirement already satisfied: filelock in .\.venv\Lib\site-packages (from torch>=1.8.1->demucs==4.0.1->-r requirements.txt (line 11)) (3.32.3)
Requirement already satisfied: setuptools>=77.0.3 in .\.venv\Lib\site-packages (from torch>=1.8.1->demucs==4.0.1->-r requirements.txt (line 11)) (84.0.0)
Requirement already satisfied: sympy>=1.13.3 in .\.venv\Lib\site-packages (from torch>=1.8.1->demucs==4.0.1->-r requirements.txt (line 11)) (1.14.0)
Requirement already satisfied: networkx>=2.5.1 in .\.venv\Lib\site-packages (from torch>=1.8.1->demucs==4.0.1->-r requirements.txt (line 11)) (3.6.1)
Requirement already satisfied: jinja2 in .\.venv\Lib\site-packages (from torch>=1.8.1->demucs==4.0.1->-r requirements.txt (line 11)) (3.1.6)
Requirement already satisfied: fsspec>=0.8.5 in .\.venv\Lib\site-packages (from torch>=1.8.1->demucs==4.0.1->-r requirements.txt (line 11)) (2026.7.0)
Requirement already satisfied: mpmath<1.4,>=1.1.0 in .\.venv\Lib\site-packages (from sympy>=1.13.3->torch>=1.8.1->demucs==4.0.1->-r requirements.txt (line 11)) (1.3.0)
Requirement already satisfied: omegaconf in .\.venv\Lib\site-packages (from dora-search->demucs==4.0.1->-r requirements.txt (line 11)) (2.3.1)
Requirement already satisfied: retrying in .\.venv\Lib\site-packages (from dora-search->demucs==4.0.1->-r requirements.txt (line 11)) (1.4.2)
Requirement already satisfied: submitit in .\.venv\Lib\site-packages (from dora-search->demucs==4.0.1->-r requirements.txt (line 11)) (1.5.4)
Requirement already satisfied: treetable in .\.venv\Lib\site-packages (from dora-search->demucs==4.0.1->-r requirements.txt (line 11)) (0.2.6)
Requirement already satisfied: MarkupSafe>=2.0 in .\.venv\Lib\site-packages (from jinja2->torch>=1.8.1->demucs==4.0.1->-r requirements.txt (line 11)) (3.0.3)
Requirement already satisfied: antlr4-python3-runtime==4.9.* in .\.venv\Lib\site-packages (from omegaconf->dora-search->demucs==4.0.1->-r requirements.txt (line 11)) (4.9.3)
Requirement already satisfied: cloudpickle>=1.2.1 in .\.venv\Lib\site-packages (from submitit->dora-search->demucs==4.0.1->-r requirements.txt (line 11)) (3.1.2)
(.venv) PS C:\Users\ido96\Desktop\remixr\backend> git status
fatal: detected dubious ownership in repository at 'C:/Users/ido96/Desktop/remixr'
'C:/Users/ido96/Desktop/remixr' is owned by:
        BUILTIN/Administrators (S-1-5-32-544)
but the current user is:
        PALETTOSBEAST/ido96 (S-1-5-21-66641794-766303830-1946604529-1001)
To add an exception for this directory, call:

        git config --global --add safe.directory C:/Users/ido96/Desktop/remixr
(.venv) PS C:\Users\ido96\Desktop\remixr\backend> 
 *  History restored 

PS C:\Users\ido96\Desktop\remixr> (Set-ExecutionPolicy -Scope Process -ExecutionPolicy RemoteSigned) ; (& c:\Users\ido96\Desktop\remixr\backend\.venv\Scripts\Activate.ps1)
(.venv) PS C:\Users\ido96\Desktop\remixr> git status
On branch main
Your branch is up to date with 'origin/main'.

nothing to commit, working tree clean
(.venv) PS C:\Users\ido96\Desktop\remixr> cd backend
(.venv) PS C:\Users\ido96\Desktop\remixr\backend> $env:CMAKE_ARGS = "-DGGML_CUDA=on -DCMAKE_CUDA_ARCHITECTURES=89"
(.venv) PS C:\Users\ido96\Desktop\remixr\backend> $env:FORCE_CMAKE = "1"
(.venv) PS C:\Users\ido96\Desktop\remixr\backend> pip install llama-cpp-python==0.3.2 --no-cache-dir --verbose
Using pip 26.2.1 from C:\Users\ido96\Desktop\remixr\backend\.venv\Lib\site-packages\pip (python 3.11)
Collecting llama-cpp-python==0.3.2
  Downloading llama_cpp_python-0.3.2.tar.gz (65.0 MB)
     ━━━━━━━━━━━━━━━━━━━━━━━━━━━━━━━━━━━━━━━━ 65.0/65.0 MB 19.8 MB/s  0:00:03
  Running command installing build dependencies for llama-cpp-python
  Using pip 26.2.1 from C:\Users\ido96\Desktop\remixr\backend\.venv\Lib\site-packages\pip (python 3.11)
  Collecting scikit-build-core>=0.9.2 (from scikit-build-core[pyproject]>=0.9.2)
    Obtaining dependency information for scikit-build-core>=0.9.2 from https://files.pythonhosted.org/packages/01/1b/83913d6d5c6a7f8ad5bf5d67b2d57ab09475f1bb9dd0c7a3f44067d59b90/scikit_build_core-1.1.1-py3-none-any.whl.metadata
    Downloading scikit_build_core-1.1.1-py3-none-any.whl.metadata (19 kB)
  Collecting packaging>=23.2 (from scikit-build-core>=0.9.2->scikit-build-core[pyproject]>=0.9.2)
    Obtaining dependency information for packaging>=23.2 from https://files.pythonhosted.org/packages/63/34/ba1c580383c9eada3711951fef0795c80b829a078d72188184bcab9dd527/packaging-26.3-py3-none-any.whl.metadata
    Using cached packaging-26.3-py3-none-any.whl.metadata (3.5 kB)
  Collecting pathspec>=0.12.0 (from scikit-build-core>=0.9.2->scikit-build-core[pyproject]>=0.9.2)
    Obtaining dependency information for pathspec>=0.12.0 from https://files.pythonhosted.org/packages/f1/d9/7fb5aa316bc299258e68c73ba3bddbc499654a07f151cba08f6153988714/pathspec-1.1.1-py3-none-any.whl.metadata
    Using cached pathspec-1.1.1-py3-none-any.whl.metadata (14 kB)
  WARNING: scikit-build-core 1.1.1 does not provide the extra 'pyproject'
  Downloading scikit_build_core-1.1.1-py3-none-any.whl (293 kB)
  Using cached packaging-26.3-py3-none-any.whl (129 kB)
  Using cached pathspec-1.1.1-py3-none-any.whl (57 kB)
  Installing collected packages: pathspec, packaging, scikit-build-core
    Creating C:\Users\ido96\AppData\Local\Temp\pip-build-env-_uvqm1d6\overlay\Scripts

  Successfully installed packaging-26.3 pathspec-1.1.1 scikit-build-core-1.1.1
  Installing build dependencies ... done
  Running command Getting requirements to build wheel
  Getting requirements to build wheel ... done
  Running command installing backend dependencies for llama-cpp-python
  Using pip 26.2.1 from C:\Users\ido96\Desktop\remixr\backend\.venv\Lib\site-packages\pip (python 3.11)
  Collecting cmake>=3.21
    Obtaining dependency information for cmake>=3.21 from https://files.pythonhosted.org/packages/87/9c/a7918eeeed09b34aa5dc1b767367fb1a2dcbb56171be00be0fd1280fe752/cmake-4.4.4-py3-none-win_amd64.whl.metadata
    Downloading cmake-4.4.4-py3-none-win_amd64.whl.metadata (7.0 kB)
  Downloading cmake-4.4.4-py3-none-win_amd64.whl (42.3 MB)
     ---------------------------------------- 42.3/42.3 MB 18.3 MB/s  0:00:02
  Installing collected packages: cmake
    Creating C:\Users\ido96\AppData\Local\Temp\pip-build-env-_uvqm1d6\normal\Scripts
  Successfully installed cmake-4.4.4
  Installing backend dependencies ... done
  Running command Preparing metadata (pyproject.toml)
  *** scikit-build-core 1.1.1 using CMake 4.4.4 (metadata_wheel)
  Preparing metadata (pyproject.toml) ... done
Requirement already satisfied: typing-extensions>=4.5.0 in .\.venv\Lib\site-packages (from llama-cpp-python==0.3.2) (4.16.0)
Requirement already satisfied: numpy>=1.20.0 in .\.venv\Lib\site-packages (from llama-cpp-python==0.3.2) (1.26.4)
Collecting diskcache>=5.6.1 (from llama-cpp-python==0.3.2)
  Obtaining dependency information for diskcache>=5.6.1 from https://files.pythonhosted.org/packages/3f/27/4570e78fc0bf5ea0ca45eb1de3818a23787af9b390c0b0a0033a1b8236f9/diskcache-5.6.3-py3-none-any.whl.metadata
  Downloading diskcache-5.6.3-py3-none-any.whl.metadata (20 kB)
Requirement already satisfied: jinja2>=2.11.3 in .\.venv\Lib\site-packages (from llama-cpp-python==0.3.2) (3.1.6)
Requirement already satisfied: MarkupSafe>=2.0 in .\.venv\Lib\site-packages (from jinja2>=2.11.3->llama-cpp-python==0.3.2) (3.0.3)
Downloading diskcache-5.6.3-py3-none-any.whl (45 kB)
Building wheels for collected packages: llama-cpp-python
  Running command Building wheel for llama-cpp-python (pyproject.toml)
  *** scikit-build-core 1.1.1 using CMake 4.4.4 (wheel)
  *** Configuring CMake...
  loading initial cache file C:\Users\ido96\AppData\Local\Temp\tmpk2bm6_0e\build\CMakeInit.txt
  -- Building for: Visual Studio 17 2022
  -- Selecting Windows SDK version 10.0.22621.0 to target Windows 10.0.26200.
  -- The C compiler identification is MSVC 19.44.35217.0
  -- The CXX compiler identification is MSVC 19.44.35217.0
  -- Detecting C compiler ABI info
  -- Detecting C compiler ABI info - done
  -- Check for working C compiler: C:/Program Files (x86)/Microsoft Visual Studio/2022/BuildTools/VC/Tools/MSVC/14.44.35207/bin/Hostx64/x64/cl.exe - skipped
  -- Detecting C compile features
  -- Detecting C compile features - done
  -- Detecting CXX compiler ABI info
  -- Detecting CXX compiler ABI info - done
  -- Check for working CXX compiler: C:/Program Files (x86)/Microsoft Visual Studio/2022/BuildTools/VC/Tools/MSVC/14.44.35207/bin/Hostx64/x64/cl.exe - skipped
  -- Detecting CXX compile features
  -- Detecting CXX compile features - done
  -- Found Git: C:/Program Files/Git/cmd/git.exe (found version "2.49.0.windows.1")
  -- Performing Test CMAKE_HAVE_LIBC_PTHREAD
  -- Performing Test CMAKE_HAVE_LIBC_PTHREAD - Failed
  -- Looking for pthread_create in pthreads
  -- Looking for pthread_create in pthreads - not found
  -- Looking for pthread_create in pthread
  -- Looking for pthread_create in pthread - not found
  -- Found Threads: TRUE
  -- Warning: ccache not found - consider installing it for faster compilation or disable this warning with GGML_CCACHE=OFF
  -- CMAKE_SYSTEM_PROCESSOR: AMD64
  -- CMAKE_GENERATOR_PLATFORM: x64
  -- Found OpenMP_C: -openmp (found version "2.0")
  -- Found OpenMP_CXX: -openmp (found version "2.0")
  -- Found OpenMP: TRUE (found version "2.0")
  -- OpenMP found
  -- Using llamafile
  -- x86 detected
  -- Performing Test HAS_AVX_1
  -- Performing Test HAS_AVX_1 - Success
  -- Performing Test HAS_AVX2_1
  -- Performing Test HAS_AVX2_1 - Success
  -- Performing Test HAS_FMA_1
  -- Performing Test HAS_FMA_1 - Success
  -- Performing Test HAS_AVX512_1
  -- Performing Test HAS_AVX512_1 - Failed
  -- Performing Test HAS_AVX512_2
  -- Performing Test HAS_AVX512_2 - Failed
  -- Using runtime weight conversion of Q4_0 to Q4_0_x_x to enable optimized GEMM/GEMV kernels
  -- Including CPU backend
  -- Using AMX
  -- Including AMX backend
  -- Found CUDAToolkit: C:/Program Files/NVIDIA GPU Computing Toolkit/CUDA/v12.6/include (found version "12.6.20")
  -- CUDA Toolkit found
  -- Using CUDA architectures: 89
  CMake Error at C:/Users/ido96/AppData/Local/Temp/pip-build-env-_uvqm1d6/normal/Lib/site-packages/cmake/data/share/cmake-4.4/Modules/CMakeDetermineCompilerId.cmake:966 (message):
    Compiling the CUDA compiler identification source file
    "CMakeCUDACompilerId.cu" failed.

    Compiler:

    Build flags:

    Id flags: --keep;--keep-dir;tmp -v



    The output was:

    1

    Versione di MSBuild 17.14.23+b0019275e per .NET Framework

    Compilazione avviata 09/10/2026 17:32:44.



    Progetto
    "C:\Users\ido96\AppData\Local\Temp\tmpk2bm6_0e\build\CMakeFiles\4.4.4\CompilerIdCUDA\CompilerIdCUDA.vcxproj"
    sul nodo 1 (destinazioni predefinite).

    PrepareForBuild:

      Creazione directory "Debug\".

    C:\Program Files (x86)\Microsoft Visual
    Studio\2022\BuildTools\MSBuild\Microsoft\VC\v170\Microsoft.CppBuild.targets(548,5):
    warning MSB8029: la directory intermedia o la directory di output non
    puâ”œâ–“ risiedere nella directory temporanea perchâ”œÂ® tale condizione
    potrebbe causare problemi con la compilazione incrementale.
    [C:\Users\ido96\AppData\Local\Temp\tmpk2bm6_0e\build\CMakeFiles\4.4.4\CompilerIdCUDA\CompilerIdCUDA.vcxproj]

      L'output strutturato â”œÂ¿ abilitato. La formattazione della diagnostica del compilatore rifletterâ”œÃ¡ la gerarchia degli errori. Per altri dettagli, vedere https://aka.ms/cpp/structured-output.
      Creazione directory "Debug\CompilerIdCUDA.tlog\".

    InitializeBuildStatus:

      Creazione di "Debug\CompilerIdCUDA.tlog\unsuccessfulbuild". â”œÃª stato specificato "AlwaysCreate".
      Aggiornamento timestamp di "Debug\CompilerIdCUDA.tlog\unsuccessfulbuild".

    AddCudaCompileDeps:

      C:\Program Files (x86)\Microsoft Visual Studio\2022\BuildTools\VC\Tools\MSVC\14.44.35207\bin\HostX64\x64\cl.exe /E /nologo /showIncludes /TP /D__CUDACC__ /D__CUDACC_VER_MAJOR__=12 /D__CUDACC_VER_MINOR__=6 /D_MBCS /Iinclude /Ibin /Iinclude /I. /FIcuda_runtime.h /c C:\Users\ido96\AppData\Local\Temp\tmpk2bm6_0e\build\CMakeFiles\4.4.4\CompilerIdCUDA\CMakeCUDACompilerId.cu

    C:\Program Files (x86)\Microsoft Visual
    Studio\2022\BuildTools\MSBuild\Microsoft\VC\v170\BuildCustomizations\CUDA
    12.6.targets(606,9): error : The CUDA Toolkit v12.6 directory '' does not
    exist.  Please verify the CUDA Toolkit is installed properly or define the
    CudaToolkitDir property to resolve this error.
    [C:\Users\ido96\AppData\Local\Temp\tmpk2bm6_0e\build\CMakeFiles\4.4.4\CompilerIdCUDA\CompilerIdCUDA.vcxproj]

    Compilazione progetto
    "C:\Users\ido96\AppData\Local\Temp\tmpk2bm6_0e\build\CMakeFiles\4.4.4\CompilerIdCUDA\CompilerIdCUDA.vcxproj"
    (destinazioni predefinite) NON COMPLETATA.



    Compilazione NON RIUSCITA.




    "C:\Users\ido96\AppData\Local\Temp\tmpk2bm6_0e\build\CMakeFiles\4.4.4\CompilerIdCUDA\CompilerIdCUDA.vcxproj"
    (destinazione predefinita) (1) ->

    (destinazione: PrepareForBuild) ->

      C:\Program Files (x86)\Microsoft Visual Studio\2022\BuildTools\MSBuild\Microsoft\VC\v170\Microsoft.CppBuild.targets(548,5): warning MSB8029: la directory intermedia o la directory di output non puâ”œâ–“ risiedere nella directory temporanea perchâ”œÂ® tale condizione potrebbe causare problemi con la compilazione incrementale. [C:\Users\ido96\AppData\Local\Temp\tmpk2bm6_0e\build\CMakeFiles\4.4.4\CompilerIdCUDA\CompilerIdCUDA.vcxproj]






    "C:\Users\ido96\AppData\Local\Temp\tmpk2bm6_0e\build\CMakeFiles\4.4.4\CompilerIdCUDA\CompilerIdCUDA.vcxproj"
    (destinazione predefinita) (1) ->

    (destinazione: ValidateCudaBuild) ->

      C:\Program Files (x86)\Microsoft Visual Studio\2022\BuildTools\MSBuild\Microsoft\VC\v170\BuildCustomizations\CUDA 12.6.targets(606,9): error : The CUDA Toolkit v12.6 directory '' does not exist.  Please verify the CUDA Toolkit is installed properly or define the CudaToolkitDir property to resolve this error. [C:\Users\ido96\AppData\Local\Temp\tmpk2bm6_0e\build\CMakeFiles\4.4.4\CompilerIdCUDA\CompilerIdCUDA.vcxproj]



        Avvisi: 1
        Errori: 1



    Tempo trascorso 00:00:00.21





  Call Stack (most recent call first):
    C:/Users/ido96/AppData/Local/Temp/pip-build-env-_uvqm1d6/normal/Lib/site-packages/cmake/data/share/cmake-4.4/Modules/CMakeDetermineCompilerId.cmake:8 (CMAKE_DETERMINE_COMPILER_ID_BUILD)
    C:/Users/ido96/AppData/Local/Temp/pip-build-env-_uvqm1d6/normal/Lib/site-packages/cmake/data/share/cmake-4.4/Modules/CMakeDetermineCompilerId.cmake:53 (__determine_compiler_id_test)
    C:/Users/ido96/AppData/Local/Temp/pip-build-env-_uvqm1d6/normal/Lib/site-packages/cmake/data/share/cmake-4.4/Modules/CMakeDetermineCUDACompiler.cmake:163 (CMAKE_DETERMINE_COMPILER_ID)
    vendor/llama.cpp/ggml/src/ggml-cuda/CMakeLists.txt:22 (enable_language)


  -- Configuring incomplete, errors occurred!

  *** CMake configuration failed
  error: subprocess-exited-with-error
  
  × Building wheel for llama-cpp-python (pyproject.toml) did not run successfully.
  │ exit code: 1
  ╰─> No available output.
  
  note: This error originates from a subprocess, and is likely not a problem with pip.
  full command: 'C:\Users\ido96\Desktop\remixr\backend\.venv\Scripts\python.exe' 'C:\Users\ido96\Desktop\remixr\backend\.venv\Lib\site-packages\pip\_vendor\pyproject_hooks\_in_process\_in_process.py' build_wheel 'C:\Users\ido96\AppData\Local\Temp\tmpa99n03jf'
  cwd: C:\Users\ido96\AppData\Local\Temp\pip-install-02fzdbeb\llama-cpp-python_088b1fc6a9334961bb291e0cae9f3960
  Building wheel for llama-cpp-python (pyproject.toml) ... error
  ERROR: Failed building wheel for llama-cpp-python
Failed to build llama-cpp-python
error: failed-wheel-build-for-install

× Failed to build installable wheels for some pyproject.toml based projects
╰─> llama-cpp-python
(.venv) PS C:\Users\ido96\Desktop\remixr\backend> 